// 同步 ID: 08deddc7 @ Sat Jul  4 12:40:41 UTC 2026
// 同步 ID: 1903102f @ Sun Jul  5 15:16:48 UTC 2026
// 重构日志: 43569534
// 重构日志: 4063a836
// 重构日志: 5a57c1f0
// 重构日志: 458c9797
// 同步 ID: 299f6faa @ Sat Jul 11 18:37:01 UTC 2026
// 同步 ID: 2f4d2cbb @ Sun Jul 12 23:54:08 UTC 2026
// 同步 ID: 12f32118 @ Mon Jul 13 11:06:29 UTC 2026
// 重构日志: e3b6c941
// 同步 ID: 0c5724fb @ Thu Jul 16 08:06:43 UTC 2026
// 重构日志: bc379a6e
// 重构日志: 407df797
// 重构日志: 70426ea6
// 重构日志: 927e9275
// 重构日志: bc474702
// 同步 ID: 7a8a6156 @ Tue Jul 28 21:34:21 UTC 2026
// 重构日志: b9908af6
// 同步 ID: 22a1cb60 @ Fri Jul 31 01:02:10 UTC 2026
// 重构日志: 71a0a794
// 重构日志: 312246b6
// 同步 ID: 5436a8bd @ Tue Aug  4 04:44:48 UTC 2026
// 重构日志: c34a9b5d
// 同步 ID: ae9f3900 @ Wed Aug  5 03:50:35 UTC 2026
